// Jest Snapshot v1, https://goo.gl/fbAQLP

exports[`optional.rb 1`] = `
def find_file_upwards(filename, start_dir, use_home: false)
  if use_home
    puts filename
  end
end
~~~~~~~~~~~~~~~~~~~~~~~~~~~~~~~~~~~~~~~~~~~~~~~~~~~~~~~~~~~~~~~~~~~~~~~~~~~~~~~~
def find_file_upwards(filename, start_dir, use_home: false)
  puts filename if use_home
end

`;

exports[`required.rb 1`] = `
def add(x:, y:)
  x + y
end

add(x: 10, y: 20)
~~~~~~~~~~~~~~~~~~~~~~~~~~~~~~~~~~~~~~~~~~~~~~~~~~~~~~~~~~~~~~~~~~~~~~~~~~~~~~~~
def add(x:, y:)
  x + y
end
add(x: 10, y: 20)

`;
