// Jest Snapshot v1, https://goo.gl/fbAQLP

exports[`while.rb - ruby-verify: while.rb 1`] = `
while x > 5
  do_something
  do_something_else
end
~~~~~~~~~~~~~~~~~~~~~~~~~~~~~~~~~~~~~~~~~~~~~~~~~~~~~~~~~~~~~~~~~~~~~~~~~~~~~~~~
while x > 5
  do_something
  do_something_else
end

`;

exports[`while_2.rb - ruby-verify: while_2.rb 1`] = `
do_something while some_condition
~~~~~~~~~~~~~~~~~~~~~~~~~~~~~~~~~~~~~~~~~~~~~~~~~~~~~~~~~~~~~~~~~~~~~~~~~~~~~~~~
do_something while some_condition

`;
