// Jest Snapshot v1, https://goo.gl/fbAQLP

exports[`args.rb - ruby-verify: args.rb 1`] = `
def hello arguments
  puts arguments
end
~~~~~~~~~~~~~~~~~~~~~~~~~~~~~~~~~~~~~~~~~~~~~~~~~~~~~~~~~~~~~~~~~~~~~~~~~~~~~~~~
def hello(arguments)
  puts arguments
end

`;

exports[`args_1.rb - ruby-verify: args_1.rb 1`] = `
def hello
  puts 'no args'
end
~~~~~~~~~~~~~~~~~~~~~~~~~~~~~~~~~~~~~~~~~~~~~~~~~~~~~~~~~~~~~~~~~~~~~~~~~~~~~~~~
def hello
  puts 'no args'
end

`;
