// Jest Snapshot v1, https://goo.gl/fbAQLP

exports[`comments.rb 1`] = `
alias $foo $bar #comment

alias store []= #comment 2

alias :foo :bar #comment test test test test

alias foo bar
~~~~~~~~~~~~~~~~~~~~~~~~~~~~~~~~~~~~~~~~~~~~~~~~~~~~~~~~~~~~~~~~~~~~~~~~~~~~~~~~
alias $foo $bar # comment

alias store []= # comment 2

alias :foo :bar # comment test test test test

alias foo bar

`;
