// Jest Snapshot v1, https://goo.gl/fbAQLP

exports[`send.rb 1`] = `
node.children[1..-1].map { |c| process(c) }
~~~~~~~~~~~~~~~~~~~~~~~~~~~~~~~~~~~~~~~~~~~~~~~~~~~~~~~~~~~~~~~~~~~~~~~~~~~~~~~~
node.children[1..-1].map { |c| process(c) }

`;

exports[`send_1.rb 1`] = `
a = {
  line: node.loc.line,
  ast_type: node.type,
  body: node.children.map { |c| process(c) },
  source: Unparser.unparse(node)
}
a
~~~~~~~~~~~~~~~~~~~~~~~~~~~~~~~~~~~~~~~~~~~~~~~~~~~~~~~~~~~~~~~~~~~~~~~~~~~~~~~~
a = {
  line: node.loc.line,
  ast_type: node.type,
  body: node.children.map { |c| process(c) },
  source: Unparser.unparse(node)
}
a

`;

exports[`send_2.rb 1`] = `
def on_def(node)
  childrens = node.children[1..-1].map { |c| process(c) }
  args = childrens.select { |c| c[:ast_type] == :args }
  body = childrens.reject { |c| c[:ast_type] == :args }
  { line: node.loc.line,
    ast_type: node.type,
    name: node.children[0],
    args: args[0],
    body: body,
    source: Unparser.unparse(node) }
end
~~~~~~~~~~~~~~~~~~~~~~~~~~~~~~~~~~~~~~~~~~~~~~~~~~~~~~~~~~~~~~~~~~~~~~~~~~~~~~~~
def on_def(node)
  childrens = node.children[1..-1].map { |c| process(c) }
  args = childrens.select { |c| c[:ast_type] == :args }
  body = childrens.reject { |c| c[:ast_type] == :args }
  {
    line: node.loc.line,
    ast_type: node.type,
    name: node.children[0],
    args: args[0],
    body: body,
    source: Unparser.unparse(node)
  }
end

`;
