// Jest Snapshot v1, https://goo.gl/fbAQLP

exports[`masgn.rb - ruby-verify: masgn.rb 1`] = `
atok, comments = Parser::CurrentRuby.parse_with_comments(data.to_s)
~~~~~~~~~~~~~~~~~~~~~~~~~~~~~~~~~~~~~~~~~~~~~~~~~~~~~~~~~~~~~~~~~~~~~~~~~~~~~~~~
atok, comments = Parser::CurrentRuby.parse_with_comments(data.to_s)

`;
