// Jest Snapshot v1, https://goo.gl/fbAQLP

exports[`empty_array.rb - ruby-verify: empty_array.rb 1`] = `
empty_array = []
empty_array
~~~~~~~~~~~~~~~~~~~~~~~~~~~~~~~~~~~~~~~~~~~~~~~~~~~~~~~~~~~~~~~~~~~~~~~~~~~~~~~~
empty_array = []
empty_array

`;

exports[`number_array.rb - ruby-verify: number_array.rb 1`] = `
numbers = [1, 2, 3, 4, 5, 6, 7, 8, 9]
numbers
~~~~~~~~~~~~~~~~~~~~~~~~~~~~~~~~~~~~~~~~~~~~~~~~~~~~~~~~~~~~~~~~~~~~~~~~~~~~~~~~
numbers = [1, 2, 3, 4, 5, 6, 7, 8, 9]
numbers

`;

exports[`splats.rb - ruby-verify: splats.rb 1`] = `
def foo(a = {})
  some_args = a[:foo] || []
  [*some_args].map do |i|
    some_stuff_with i
  end
end

first, *, last = [1, 2, 3, 4, 5]
first, *middle, last = [1, 2, 3, 4]
first, *rest = [1, 2, 3]

a = [1,2]
b = [3,4]
flattened = [*a, *b]
~~~~~~~~~~~~~~~~~~~~~~~~~~~~~~~~~~~~~~~~~~~~~~~~~~~~~~~~~~~~~~~~~~~~~~~~~~~~~~~~
def foo(a = {})
  some_args = a[:foo] || []
  [*some_args].map do |i|
    some_stuff_with(i)
  end
end
first, *, last = [1, 2, 3, 4, 5]
first, *middle, last = [1, 2, 3, 4]
first, *rest = [1, 2, 3]
a = [1, 2]
b = [3, 4]
flattened = [*a, *b]

`;

exports[`string_array.rb - ruby-verify: string_array.rb 1`] = `
def strings
  %w(
    a
    b
    c
    d
  )
end

strings
~~~~~~~~~~~~~~~~~~~~~~~~~~~~~~~~~~~~~~~~~~~~~~~~~~~~~~~~~~~~~~~~~~~~~~~~~~~~~~~~
def strings
  %w[a b c d]
end
strings

`;

exports[`symbol_array.rb - ruby-verify: symbol_array.rb 1`] = `
def symbols
  %i(
    a
    b
    c
    d
  )
end

def symbols_two
  %i(a1 b2 c3 d4)
end

symbols
~~~~~~~~~~~~~~~~~~~~~~~~~~~~~~~~~~~~~~~~~~~~~~~~~~~~~~~~~~~~~~~~~~~~~~~~~~~~~~~~
def symbols
  %i[a b c d]
end
def symbols_two
  %i[a1 b2 c3 d4]
end
symbols

`;
