// Jest Snapshot v1, https://goo.gl/fbAQLP

exports[`call_1.rb 1`] = `
puts 123
['small', 'medium', 'large'].include? params[:size]
['small', 'medium', 'large'].any?
['small', 'medium', 'large'].any?()
params&.include? params[:size]

greet('userName')
~~~~~~~~~~~~~~~~~~~~~~~~~~~~~~~~~~~~~~~~~~~~~~~~~~~~~~~~~~~~~~~~~~~~~~~~~~~~~~~~
puts 123
['small', 'medium', 'large'].include? params[:size]
['small', 'medium', 'large'].any?
['small', 'medium', 'large'].any?
params&.include? params[:size]
greet('userName')

`;
