// Jest Snapshot v1, https://goo.gl/fbAQLP

exports[`block.rb - ruby-verify: block.rb 1`] = `
example.map! do |o|
  location = Module::Submodule::Class.new(varia,
                                       obj['x']['y'],
                                       obj['m']['n'])
  Ex::Ample.new(o['test'], location,
                   o['test2'],
                   o['test3'], o['test4'].to_i)
end
~~~~~~~~~~~~~~~~~~~~~~~~~~~~~~~~~~~~~~~~~~~~~~~~~~~~~~~~~~~~~~~~~~~~~~~~~~~~~~~~
example.map! do |o|
  location = Module::Submodule::Class.new(varia, obj['x']['y'], obj['m']['n'])
  Ex::Ample.new(o['test'], location, o['test2'], o['test3'], o['test4'].to_i)
end

`;

exports[`block_1.rb - ruby-verify: block_1.rb 1`] = `
very_long_function_name_here(long_arg_name, another_arg, file) do |file|
  files = file
end
~~~~~~~~~~~~~~~~~~~~~~~~~~~~~~~~~~~~~~~~~~~~~~~~~~~~~~~~~~~~~~~~~~~~~~~~~~~~~~~~
very_long_function_name_here(long_arg_name, another_arg, file) do |file|
  files = file
end

`;
