// Jest Snapshot v1, https://goo.gl/fbAQLP

exports[`yield.rb 1`] = `
yield(file.to_s)

def method_with_yields
  yield
  yield 123
  yield(123)
end
~~~~~~~~~~~~~~~~~~~~~~~~~~~~~~~~~~~~~~~~~~~~~~~~~~~~~~~~~~~~~~~~~~~~~~~~~~~~~~~~
yield file.to_s
def method_with_yields
  yield
  yield 123
  yield 123
end

`;
