// Jest Snapshot v1, https://goo.gl/fbAQLP

exports[`when.rb 1`] = `
case
when song.name == 'Misty'
  puts 'Not again!'
when song.duration > 120
  puts 'Too long!'
when Time.now.hour > 21
  puts "It's too late"
else
  song.play
end
~~~~~~~~~~~~~~~~~~~~~~~~~~~~~~~~~~~~~~~~~~~~~~~~~~~~~~~~~~~~~~~~~~~~~~~~~~~~~~~~
case
when song.name == "Misty"
  puts "Not again!"
when song.duration > 120
  puts "Too long!"
when Time.now.hour > 21
  puts "It's too late"
else
  song.play
end

`;

exports[`when_2.rb 1`] = `
kind =
  case year
  when 1850..1889 then 'Blues'
  when 1890..1909 then 'Ragtime'
  when 1910..1929 then 'New Orleans Jazz and a very long text for a line break'
  when 1930..1939 then 'Swing'
  when 1940..1950 then 'Bebop'
  else 'Jazz'
  end~~~~~~~~~~~~~~~~~~~~~~~~~~~~~~~~~~~~~~~~~~~~~~~~~~~~~~~~~~~~~~~~~~~~~~~~~~~~~~~~
kind = case year
when 1850..1889
  "Blues"
when 1890..1909
  "Ragtime"
when 1910..1929
  "New Orleans Jazz and a very long text for a line break"
when 1930..1939
  "Swing"
when 1940..1950
  "Bebop"
else
  "Jazz"
end

`;
