// Jest Snapshot v1, https://goo.gl/fbAQLP

exports[`when.rb 1`] = `
case
when song.name == 'Misty'
  puts 'Not again!'
when song.duration > 120
  puts 'Too long!'
when Time.now.hour > 21
  puts "It's too late"
else
  song.play
end
~~~~~~~~~~~~~~~~~~~~~~~~~~~~~~~~~~~~~~~~~~~~~~~~~~~~~~~~~~~~~~~~~~~~~~~~~~~~~~~~
(case nil
  (when
    (send
      (send
        (send nil :song) :name) :==
      (str "Misty"))
    (send nil :puts
      (str "Not again!")))
  (when
    (send
      (send
        (send nil :song) :duration) :>
      (int 120))
    (send nil :puts
      (str "Too long!")))
  (when
    (send
      (send
        (send
          (const nil :Time) :now) :hour) :>
      (int 21))
    (send nil :puts
      (str "It's too late")))
  (send
    (send nil :song) :play))

`;

exports[`when_2.rb 1`] = `
kind =
  case year
  when 1850..1889 then 'Blues'
  when 1890..1909 then 'Ragtime'
  when 1910..1929 then 'New Orleans Jazz'
  when 1930..1939 then 'Swing'
  when 1940..1950 then 'Bebop'
  else 'Jazz'
  end~~~~~~~~~~~~~~~~~~~~~~~~~~~~~~~~~~~~~~~~~~~~~~~~~~~~~~~~~~~~~~~~~~~~~~~~~~~~~~~~
kind = case year
when (1850..1889)
  "Blues"
when (1890..1909)
  "Ragtime"
when (1910..1929)
  "New Orleans Jazz"
when (1930..1939)
  "Swing"
when (1940..1950)
  "Bebop"
else
  "Jazz"
end

`;
