// Jest Snapshot v1, https://goo.gl/fbAQLP

exports[`if.rb 1`] = `
if x == true
  puts 'yes'
elsif x == false
  puts 'nah'
elsif x == 1
  puts 'ONE'
else
  puts 'default'
end
~~~~~~~~~~~~~~~~~~~~~~~~~~~~~~~~~~~~~~~~~~~~~~~~~~~~~~~~~~~~~~~~~~~~~~~~~~~~~~~~
if x == true
  puts "yes"
elsif x == false
  puts "nah"
elsif x == 1
  puts "ONE"
else
  puts "default"
end

`;

exports[`if_2.rb 1`] = `
if true
  puts "this is true"
end
~~~~~~~~~~~~~~~~~~~~~~~~~~~~~~~~~~~~~~~~~~~~~~~~~~~~~~~~~~~~~~~~~~~~~~~~~~~~~~~~
if true
  puts "this is true"
end

`;
