// Jest Snapshot v1, https://goo.gl/fbAQLP

exports[`if.rb 1`] = `
if x == true
  puts 'yes'
elsif x == false
  puts 'nah'
elsif x == 1
  puts 'ONE'
else
  puts 'default'
end
~~~~~~~~~~~~~~~~~~~~~~~~~~~~~~~~~~~~~~~~~~~~~~~~~~~~~~~~~~~~~~~~~~~~~~~~~~~~~~~~
if x == true
  puts 'yes'
elsif x == false
  puts 'nah'
elsif x == 1
  puts 'ONE'
else
  puts 'default'
end

`;

exports[`if_2.rb 1`] = `
if true
  puts "this is true"
end
~~~~~~~~~~~~~~~~~~~~~~~~~~~~~~~~~~~~~~~~~~~~~~~~~~~~~~~~~~~~~~~~~~~~~~~~~~~~~~~~
puts 'this is true' if true

`;

exports[`if_3.rb 1`] = `
def foo()
  true
end

if foo()
  puts "this is true"
end
~~~~~~~~~~~~~~~~~~~~~~~~~~~~~~~~~~~~~~~~~~~~~~~~~~~~~~~~~~~~~~~~~~~~~~~~~~~~~~~~
def foo
  true
end
puts 'this is true' if foo

`;

exports[`if_4.rb 1`] = `
if debug?
  puts "debugging statement"
end

puts "debugging statement" if debug?
puts "debugging statement" if debug?()
~~~~~~~~~~~~~~~~~~~~~~~~~~~~~~~~~~~~~~~~~~~~~~~~~~~~~~~~~~~~~~~~~~~~~~~~~~~~~~~~
puts 'debugging statement' if debug?
puts 'debugging statement' if debug?
puts 'debugging statement' if debug?

`;
