// Jest Snapshot v1, https://goo.gl/fbAQLP

exports[`return.rb 1`] = `
if x == true
  return true
elsif x == false
  return false
elsif x == 1
  return { x: 1 }
else
  return nil
end
~~~~~~~~~~~~~~~~~~~~~~~~~~~~~~~~~~~~~~~~~~~~~~~~~~~~~~~~~~~~~~~~~~~~~~~~~~~~~~~~
if x == true
  return true
elsif x == false
  return false
elsif x == 1
  return { x: 1 }
else
  return nil
end

`;
